// Jest Snapshot v1, https://goo.gl/fbAQLP

exports[`testing header component matches a screenshot 1`] = `
<dl>
  <dt>
    Name
  </dt>
  <dd>
    Purple
  </dd>
  <dt>
    hex
  </dt>
  <dd>
    #123456
  </dd>
  <dt>
    rgb
  </dt>
  <dd>
    rgb(221,160,221)
  </dd>
</dl>
`;
