// Jest Snapshot v1, https://goo.gl/fbAQLP

exports[`testing header component matches a screenshot 1`] = `ShallowWrapper {}`;
